// Jest Snapshot v1, https://goo.gl/fbAQLP

exports[`Login component matches snapshot 1`] = `
<div>
  <div
    data-testid="background-image-container"
    style="background-image: url(bgimg.jpg); background-size: cover; background-repeat: no-repeat; background-position: center; height: 100vh; overflow: hidden;"
  >
    <div
      class="login-page col-md-12"
    >
      <div
        class="login-page__container container-fluid"
      >
        <div
          class="login-page__login-form  col-md-6"
        >
          <div
            class="login-page__heading"
            data-testid="pageheader"
          >
            <h1
              class="heading"
            >
              Log In
            </h1>
          </div>
          <form
            class="col-md-12 login-page__login-form__form-fields"
            data-testid="login-form"
          >
            <div
              class="login-page__login-form__user-name-field "
            >
              <div
                class="input-text-field"
              >
                <input
                  autocomplete="new-password"
                  autocorrect="off"
                  class="input-field-icon static"
                  data-testid="input-field"
                  id="email_field"
                  placeholder="Enter Email"
                  required=""
                  type="text"
                  value=""
                />
                <span
                  class="single-icon"
                >
                  <i>
                    <svg
                      fill="none"
                      height="1em"
                      stroke="currentColor"
                      stroke-width="0"
                      viewBox="0 0 24 24"
                      width="1em"
                      xmlns="http://www.w3.org/2000/svg"
                    >
                      <path
                        d="M16 7a4 4 0 11-8 0 4 4 0 018 0zM12 14a7 7 0 00-7 7h14a7 7 0 00-7-7z"
                        stroke-linecap="round"
                        stroke-linejoin="round"
                        stroke-width="2"
                      />
                    </svg>
                  </i>
                </span>
              </div>
            </div>
            <div
              class="  login-page__login-form__user-password-field "
            >
              <div
                class="input-text-field"
              >
                <input
                  autocomplete="new-password"
                  autocorrect="off"
                  class="input-field-icon static"
                  data-testid="password"
                  id="password_field"
                  placeholder="Enter Password"
                  required=""
                  type="password"
                  value=""
                />
                <span
                  class="multiple-icons loginicon"
                >
                  <i>
                    <svg
                      fill="currentColor"
                      height="1em"
                      stroke="currentColor"
                      stroke-width="0"
                      viewBox="0 0 24 24"
                      width="1em"
                      xmlns="http://www.w3.org/2000/svg"
                    >
                      <path
                        d="M12 2C9.243 2 7 4.243 7 7v3H6c-1.103 0-2 .897-2 2v8c0 1.103.897 2 2 2h12c1.103 0 2-.897 2-2v-8c0-1.103-.897-2-2-2h-1V7c0-2.757-2.243-5-5-5zm6 10 .002 8H6v-8h12zm-9-2V7c0-1.654 1.346-3 3-3s3 1.346 3 3v3H9z"
                      />
                    </svg>
                  </i>
                  <i>
                    <svg
                      fill="currentColor"
                      height="1em"
                      stroke="currentColor"
                      stroke-width="0"
                      viewBox="0 0 20 20"
                      width="1em"
                      xmlns="http://www.w3.org/2000/svg"
                    >
                      <path
                        d="M10 12a2 2 0 100-4 2 2 0 000 4z"
                      />
                      <path
                        clip-rule="evenodd"
                        d="M.458 10C1.732 5.943 5.522 3 10 3s8.268 2.943 9.542 7c-1.274 4.057-5.064 7-9.542 7S1.732 14.057.458 10zM14 10a4 4 0 11-8 0 4 4 0 018 0z"
                        fill-rule="evenodd"
                      />
                    </svg>
                  </i>
                </span>
              </div>
            </div>
            <div
              class="login-page__login-form__checkbox-forgotpassword"
            >
              <div
                class="login-page__login-form__rememberme-checkbox col-md-6"
              >
                <div
                  class="checkbox-btn"
                >
                  <input
                    class="form-checkbox col-md-12"
                    data-testid="my-checkbox"
                    type="checkbox"
                    value="false"
                  />
                  <span
                    class="checkbox-text"
                    data-testid="my-div"
                  >
                    Remember Me
                  </span>
                </div>
              </div>
              <div
                class="login-page__login-form__forgot-password col-md-6"
              >
                <span
                  class="login-page__login-form__forgot-password__content"
                >
                   Forgot Password?
                </span>
              </div>
            </div>
            <div
              class="login-page__login-form__submit-button"
            >
              <button
                class="button_full"
                type="button"
              >
                LOG IN
              </button>
            </div>
          </form>
        </div>
        <div
          class="login-page__logo-container col-md-6"
        >
          <img
            alt="logo"
            class="logo-page__img"
            src="lecarageLogo.png"
          />
        </div>
      </div>
    </div>
  </div>
</div>
`;
