// Jest Snapshot v1, https://goo.gl/fbAQLP

exports[`ManageUser component should match snapshot 1`] = `
<div
  class="page-container-details"
>
  <div
    class="page-container-details__header-content"
  >
    <svg
      class="back-icon"
      data-testid="back-icon"
      fill="none"
      height="1em"
      stroke="currentColor"
      stroke-linecap="round"
      stroke-linejoin="round"
      stroke-width="2"
      viewBox="0 0 24 24"
      width="1em"
      xmlns="http://www.w3.org/2000/svg"
    >
      <line
        x1="19"
        x2="5"
        y1="12"
        y2="12"
      />
      <polyline
        points="12 19 5 12 12 5"
      />
    </svg>
    <h1
      class="page-container-details__header-content__heading"
    >
      User
    </h1>
  </div>
  <form
    class="container-fluid"
  >
    <div
      class="row manage-usertypes-page "
    >
      <div
        class="col-md-8"
      >
        <div
          class="col-md-12"
        >
          <div
            class="details-container"
          >
            <div
              class="details-container__details-container-header"
            >
              <h1
                class="details-container__details-container-header__heading"
              >
                User Details
              </h1>
              <svg
                class="details-container__details-container-header__collapse-icon"
                fill="currentColor"
                height="1em"
                stroke="currentColor"
                stroke-width="0"
                viewBox="0 0 24 24"
                width="1em"
                xmlns="http://www.w3.org/2000/svg"
              >
                <path
                  d="M0 0h24v24H0V0z"
                  fill="none"
                />
                <path
                  d="M7.41 8.59L12 13.17l4.59-4.58L18 10l-6 6-6-6 1.41-1.41z"
                />
              </svg>
            </div>
            <div
              class="collapse"
            >
              <div
                class="manage-usertypes-page__usertype-info"
              >
                <div
                  class="row "
                >
                  <div
                    class="col-md-6 pdtopbtm"
                  >
                    <label
                      class="label"
                    >
                      First Name
                    </label>
                    <div
                      class="input-text-field"
                    >
                      <input
                        autocomplete="new-password"
                        autocorrect="off"
                        class="user-type-id-inputField static"
                        id=""
                        name="userTypeId"
                        placeholder=""
                        required=""
                        type="text"
                        value=""
                      />
                    </div>
                  </div>
                  <div
                    class="col-md-6 pdtopbtm"
                  >
                    <label
                      class="label"
                    >
                      Last Name
                    </label>
                    <div
                      class="input-text-field"
                    >
                      <input
                        autocomplete="new-password"
                        autocorrect="off"
                        class="user-type-name-inputField static"
                        id=""
                        name="usertypename"
                        placeholder=""
                        required=""
                        type="text"
                        value=""
                      />
                    </div>
                  </div>
                  <div
                    class="col-md-6 pdtopbtm"
                  >
                    <label
                      class="label"
                    >
                      Email Address
                    </label>
                    <div
                      class="input-text-field"
                    >
                      <input
                        autocomplete="new-password"
                        autocorrect="off"
                        class="user-type-description-inputField static"
                        id=""
                        name="usertypeDescription"
                        placeholder=""
                        required=""
                        type="email"
                        value=""
                      />
                    </div>
                  </div>
                  <div
                    class="col-md-6 pdtopbtm"
                  >
                    <label
                      class="label"
                    >
                      CellPhone Number
                    </label>
                    <div
                      class="input-text-field"
                    >
                      <input
                        autocomplete="new-password"
                        autocorrect="off"
                        class="email_field static"
                        id="email_field"
                        name="usertypeDescription"
                        placeholder=""
                        required=""
                        type="text"
                        value=""
                      />
                    </div>
                  </div>
                  <div
                    class="col-md-6 pdtopbtm manage-usertypes-page__usertype-info__password-fields"
                  >
                    <label
                      class="label"
                    >
                      Password
                    </label>
                    <div
                      class="input-text-field"
                    >
                      <input
                        autocomplete="new-password"
                        autocorrect="off"
                        class="user-type-description-inputField password-field static"
                        id=""
                        name="usertypeDescription"
                        placeholder=""
                        required=""
                        type="password"
                        value=""
                      />
                      <span
                        class="multiple-icons"
                      >
                        <i
                          aria-disabled="false"
                        >
                          <svg
                            fill="currentColor"
                            height="1em"
                            stroke="currentColor"
                            stroke-width="0"
                            viewBox="0 0 20 20"
                            width="1em"
                            xmlns="http://www.w3.org/2000/svg"
                          >
                            <path
                              d="M10 12a2 2 0 100-4 2 2 0 000 4z"
                            />
                            <path
                              clip-rule="evenodd"
                              d="M.458 10C1.732 5.943 5.522 3 10 3s8.268 2.943 9.542 7c-1.274 4.057-5.064 7-9.542 7S1.732 14.057.458 10zM14 10a4 4 0 11-8 0 4 4 0 018 0z"
                              fill-rule="evenodd"
                            />
                          </svg>
                        </i>
                      </span>
                    </div>
                  </div>
                </div>
              </div>
            </div>
          </div>
        </div>
      </div>
      <div
        class="col-md-4"
      >
        <div
          class="col-md-12"
        >
          <div
            class="card-container"
          >
            <div
              class="col-md-12"
            >
              <div
                class="card-container__image-wrapper"
              >
                <div
                  class="card-container__image-container"
                >
                  <img
                    class="card-container__image-container__image"
                    style="object-fit: cover;"
                  />
                  <h1
                    class="card-container__image-container__heading"
                  />
                </div>
              </div>
              <div
                class="card-container__file-upload-container"
              >
                <h1
                  class="card-container__heading"
                >
                  Upload Image
                </h1>
                <div
                  class="outer"
                >
                  <div
                    class="imgload"
                  >
                     
                  </div>
                  <div
                    class="DropZone"
                    role="button"
                    tabindex="0"
                  >
                    Click or drop your file here
                  </div>
                </div>
              </div>
               
            </div>
            <h1
              class="card-container__heading"
            >
              User Type Actions
            </h1>
            <div
              class="dropdown input-text-field"
            >
              <label
                class="dropDown-label"
              >
                Set Status
              </label>
              <select
                class="custom-select status-dropdown"
              >
                <option
                  class="custom-option"
                  value=""
                >
                  Select
                </option>
              </select>
            </div>
            <div
              class="dropdown input-text-field"
            >
              <label
                class="dropDown-label"
              >
                User Type
              </label>
              <select
                class="custom-select status-dropdown"
              >
                <option
                  class="custom-option"
                  value=""
                >
                  Select
                </option>
              </select>
            </div>
            <div
              class="line"
            />
            <button
              class="greenButton w-100"
              type="button"
            >
              Save & Update
            </button>
            <button
              class="add-button w-100"
              type="button"
            >
              Discard
            </button>
          </div>
        </div>
      </div>
    </div>
  </form>
</div>
`;
