// Jest Snapshot v1, https://goo.gl/fbAQLP

exports[`Dashboard component renders the Loader when loading is true 1`] = `
<div
  className="loader"
>
  <div
    aria-busy={true}
    aria-label="three-dots-loading"
    data-testid="three-dots-loading"
    role="status"
    style={
      Object {
        "display": "flex",
      }
    }
  >
    <svg
      data-testid="three-dots-svg"
      fill="#4fa94d"
      height="80"
      viewBox="0 0 120 30"
      width="80"
      xmlns="http://www.w3.org/2000/svg"
    >
      <circle
        cx="15"
        cy="15"
        r={15}
      >
        <animate
          attributeName="r"
          begin="0s"
          calcMode="linear"
          dur="0.8s"
          from="15"
          repeatCount="indefinite"
          to="15"
          values="15;9;15"
        />
        <animate
          attributeName="fill-opacity"
          begin="0s"
          calcMode="linear"
          dur="0.8s"
          from="1"
          repeatCount="indefinite"
          to="1"
          values="1;.5;1"
        />
      </circle>
      <circle
        attributeName="fill-opacity"
        cx="60"
        cy="15"
        from="1"
        r={9}
        to="0.3"
      >
        <animate
          attributeName="r"
          begin="0s"
          calcMode="linear"
          dur="0.8s"
          from="9"
          repeatCount="indefinite"
          to="9"
          values="9;15;9"
        />
        <animate
          attributeName="fill-opacity"
          begin="0s"
          calcMode="linear"
          dur="0.8s"
          from="0.5"
          repeatCount="indefinite"
          to="0.5"
          values=".5;1;.5"
        />
      </circle>
      <circle
        cx="105"
        cy="15"
        r={15}
      >
        <animate
          attributeName="r"
          begin="0s"
          calcMode="linear"
          dur="0.8s"
          from="15"
          repeatCount="indefinite"
          to="15"
          values="15;9;15"
        />
        <animate
          attributeName="fill-opacity"
          begin="0s"
          calcMode="linear"
          dur="0.8s"
          from="1"
          repeatCount="indefinite"
          to="1"
          values="1;.5;1"
        />
      </circle>
    </svg>
  </div>
</div>
`;
